// Jest Snapshot v1, https://goo.gl/fbAQLP

exports[`UsernameField tests matches expected snapshot 1`] = `
<TextField
  data-test-id="username-field-text-input"
  disabled={false}
  errorText={null}
  floatingLabelFixed={false}
  fullWidth={false}
  id="username-input"
  multiLine={false}
  rows={1}
  type="text"
  underlineShow={true}
/>
`;
